// Jest Snapshot v1, https://goo.gl/fbAQLP

exports[`Checkbox Component renders correctly 1`] = `
<label
  className="MuiFormControlLabel-root css-1l8qi0x"
  variant="simple"
>
  <span
    aria-disabled={false}
    className="MuiButtonBase-root MuiIconButton-root jss5 MuiCheckbox-root MuiCheckbox-colorSecondary css-0 MuiIconButton-colorSecondary"
    onBlur={[Function]}
    onDragLeave={[Function]}
    onFocus={[Function]}
    onKeyDown={[Function]}
    onKeyUp={[Function]}
    onMouseDown={[Function]}
    onMouseLeave={[Function]}
    onMouseUp={[Function]}
    onTouchEnd={[Function]}
    onTouchMove={[Function]}
    onTouchStart={[Function]}
    tabIndex={null}
  >
    <span
      className="MuiIconButton-label"
    >
      <input
        className="jss8"
        data-indeterminate={false}
        disabled={false}
        name="newsletter"
        onChange={[Function]}
        type="checkbox"
      />
      <svg
        aria-hidden={true}
        className="MuiSvgIcon-root"
        focusable="false"
        viewBox="0 0 24 24"
      >
        <path
          d="M19 5v14H5V5h14m0-2H5c-1.1 0-2 .9-2 2v14c0 1.1.9 2 2 2h14c1.1 0 2-.9 2-2V5c0-1.1-.9-2-2-2z"
        />
      </svg>
    </span>
  </span>
  <span
    className="MuiTypography-root MuiFormControlLabel-label MuiTypography-body1"
  >
    <span>
      Lorem Ipsum
    </span>
  </span>
</label>
`;
