// Jest Snapshot v1, https://goo.gl/fbAQLP

exports[`Toggle Component It should renders correctly 1`] = `
<label
  className="MuiFormControlLabel-root css-1w3s9zg"
>
  <span
    className="MuiSwitch-root"
  >
    <span
      aria-disabled={false}
      className="MuiButtonBase-root MuiIconButton-root PrivateSwitchBase-root-5 MuiSwitch-switchBase MuiSwitch-colorSecondary"
      onBlur={[Function]}
      onDragLeave={[Function]}
      onFocus={[Function]}
      onKeyDown={[Function]}
      onKeyUp={[Function]}
      onMouseDown={[Function]}
      onMouseLeave={[Function]}
      onMouseUp={[Function]}
      onTouchEnd={[Function]}
      onTouchMove={[Function]}
      onTouchStart={[Function]}
      tabIndex={null}
    >
      <span
        className="MuiIconButton-label"
      >
        <input
          className="PrivateSwitchBase-input-8 MuiSwitch-input"
          disabled={false}
          name="simple-toggle"
          onChange={[Function]}
          type="checkbox"
        />
        <span
          className="MuiSwitch-thumb"
        />
      </span>
    </span>
    <span
      className="MuiSwitch-track"
    />
  </span>
  <span
    className="MuiTypography-root MuiFormControlLabel-label MuiTypography-body1"
  >
    Lorem Ipsum
  </span>
</label>
`;
