// Jest Snapshot v1, https://goo.gl/fbAQLP

exports[`Text Renders Text Hello 1`] = `ShallowWrapper {}`;
